50
20
FFFFFFFFFFFFFFFFFFFFFFFFFFFFFFFFFFFFFFFFFFFFFFFFFF
FFFFFFFFFFFFFFFFF++++++++FFFFFFFFFFFFFFFFFFFFF++++
FFFFFFFFFFF+++++++++++++++++++++FFFFFFFFFF++++++++
++++++++++++++++++++++++++++++++++++++++++++++++++
++++++++++++++++++++++++++++++++++++++++++++++++++
++++++++++++++++++++++++++++++++++++++++++++++++++
++++++++++++++++++++++++++++++++++++++++++++++++++
+++++++++++++++RRRRRRRRRR+++++++++++++++++++++++++
+++++RRRRRRRRRRR++++++++RR++++++++++++RRRRRRRRRRRR
+++++++++++++++++++++++++RR++++++++++RR+++++++++++
++++++++++++++++++++++++++RRRRRRRRRRRR++++++++++++
++++++++++++++++++++++++++++++++++++++++++++++++++
++++++++++++++++++++++++++++++++++++++++++++++++++
++++++++++++++++++++++++++++++++++++++++++++++++++
++++++++++++++++++++++++++++++++++++++++++++++++++
++++++++++++++++++++++++++++++++++++++++++++++++++
++++++++++++++++++++++++++++++++++++++++++++++++++
++WWWWWWWWWWWW+++++++++++++++++++++++++WWWWWWWWWWW
WWWWWWWWWWWWWWWWWWWW+++++++WWWWWWWWWWWWWWWWWWWWWWW
WWWWWWWWWWWWWWWWWWWWWWWWWWWWWWWWWWWWWWWWWWWWWWWWWW
