40
30
FFFFFFFFFFFFFF+++++++++++++++++++++WWWW+
FFFFFFFFFFFFFF+++++++++++++++++++++WWWW+
FFFFFFFF+++++++++++++++++++++++++++WW+++
FFFF++++++++++++++++++++++++++++++++++++
FFF+++++++++++++++++++++++++++++++++++++
FF+++++++++++++++++++++++++++WWWW+++++++
FF++++++++++++++++++++++++++WWWWW+++++++
FF+++++++++++++++++++++++++WWWW+++++++++
FF++++++++++++++++++++++++WWWWW+++++++++
+++++++++++++++++++++++++WWWWW++++++++++
++++++++++++++++++++++++WWWW++++++++++++
++++++++++++++++++++++++WWWW++++++++++++
++++++++++++++++++++++++++++++++++++++++
++++++++++++++++++++++++++++++++++++++++
++++++++++++++++++++++++++++++++++++++++
+++++++++++++++++++WWW++++++++++++++++++
+++++++++++++++++WWWWW++++++++++++++++++
+++++++++++++++++WWW++++++++++++++++++++
+++++++++++++++WWWWW++++++++++++++++++++
+++++++++++++WWWWW++++++++++++++++++++++
+++++++++++++WWW++++++++++++++++++++++++
++++++++++++++++++++++++++++++++++++++++
++++++++++++++++++++++++++++++++++++++++
+++++++WWWW+++++++++++++++++++++++++++++
+++++WWWWWW+++++++++++++++++++++++++++++
+++WWWWW++++++++++++++++++++++++++++++++
++WWWWWW++++++++++++++++++++++++++++++++
WWWWWWW+++++++++++++++++++++++++++++++++
WWW+++++++++++++++++++++++++++++++++++++
WWW+++++++++++++++++++++++++++++++++++++
