50
50
WWWWWWWWWWWWWWWWWWWWWWWWWWWWWWWWWWWWWWWWWWWWWWWWWW
WWWWWWWWWWWWWWWWWWWWWWWWWWWWWWWWWWWWWWWWWWWWWWWWWW
WWWWWWWWWWWWWWWWWWWWWWWWWWWWWWWWWWWWWWWWWWWWWWWWWW
WWWWWWWWWWWWWWWWWWWWWWWWWWWWWWWWWWWWWWWWWWWWWWWWWW
WWWWWWWWWWW++++++++++++++++++WWWWWWWWWWWWWWWWWWWWW
WWWWWW+++++++++++++++++++++++++++++++++WWWWWWWWWWW
WWWW++++++++++++++++++++++++++++++++++++++WWWWWWWW
WWW+++++++++++++++++++++++++++++++++++++++++WWWWWW
WWW+++++++++++++++++++++++++++++++++++++++++WWWWWW
WWW+++++++++++++++++++++++++++++++++++++++++WWWWWW
WWW++++++++++++++++++++++++++++++++++++++++++WWWWW
WWW++++++++++++++++++++++++++++++++++++++++++WWWWW
WWWW+++++++++++++++++++++++++++++++++++++++++WWWWW
WWWWWW++++++++++++++++++++++++++++++++++++++++WWWW
WWWWWWWWWWWWWWWWW+++++++++++++++++++++++++++++WWWW
WWWWWWWWWWWWWWWWWWWWWWWW++++++++++++++++++++++WWWW
WWWWWWWWWWWWWWWWWWWWWWWWWWWWWWWW++++++++++++++WWWW
WWWWWWWWWWWWWWWWWWWWWWWWWWWWWWWWW+++++++++++++WWWW
WWWWWWWWWWWWWWWWWWWWWWWWWWWWWWWWWW++++++++++++WWWW
WWWWWWWWWWWWWWWWWWWWWWWWWWWWWWWWWW++++++++++++WWWW
WWWWWWWWWWWWWWWWWWWWWWWWWWWWWWWWWW+++++++++++++WWW
WWWWWWWWWWWWWWWWWWWWWWWWWWWWWWWWW++++++++++++++WWW
WWWWWWWWWWWWWWWWWWWWWWWWWWWWWW+++++++++++++++++WWW
WWWWWWWWWWWWWWWWWWWWWWWWWW+++++++++++++++++++++WWW
WWWWWWWWWWWWWWWWWWW++++++++++++++++++++++++++++WWW
WWWWWWWWWWWWWWW++++++++++++++++++++++++++++++++WWW
WWWWWWW++++++++++++++++++++++++++++++++++++++++WWW
WWWWW++++++++++++++++++++++++++++++++++++++++++WWW
WWWW++++++++++++++++++++++++++++++++++++++++++WWWW
WWWW++++++++++++++++++++++++++++++++++++++++++WWWW
WWWW++++++++++++++++++++++++++++++++++++++++++WWWW
WWW+++++++++++++++++++++++++++++++++++++++++++WWWW
WWW+++++++++++++++++++++++++++++++++++++++++++WWWW
WWW++++++++++++++++++++++++++++++++++++++++++WWWWW
WWW++++++++++++++++++++++++++++++++++++++++++WWWWW
WWWW+++++++++++++++++++++++++++++++++++++++++WWWWW
WWWW+++++++++++++++++++++++++++++++++++++++++WWWWW
WWWW++++++++++++++++++++++++++++++++++++++++WWWWWW
WWWWW+++++++++++++++++++++++++++++++++++++++WWWWWW
WWWWW+++++++++++++++++++++++++++++++++++++++WWWWWW
WWWWWW++++++++++++++++++++++++++++++++++++++WWWWWW
WWWWWWWWW+++++++++++++++++++++++++++++++++++WWWWWW
WWWWWWWWWWWW+++++++++++++++++++++++++++++++WWWWWWW
WWWWWWWWWWWWWWW++++++++++++++++++++++++++++WWWWWWW
WWWWWWWWWWWWWWWWWWWW++++++++++++++++++++++WWWWWWWW
WWWWWWWWWWWWWWWWWWWWWWW++++++++++++++++WWWWWWWWWWW
WWWWWWWWWWWWWWWWWWWWWWWWWW++++++++++WWWWWWWWWWWWWW
WWWWWWWWWWWWWWWWWWWWWWWWWWWWWWWWWWWWWWWWWWWWWWWWWW
WWWWWWWWWWWWWWWWWWWWWWWWWWWWWWWWWWWWWWWWWWWWWWWWWW
WWWWWWWWWWWWWWWWWWWWWWWWWWWWWWWWWWWWWWWWWWWWWWWWWW
