40
40
FFFFFFFFFFFFFFFFFFFFFFFFFFFFFFFFFFFFFFFF
FFFFFFFFFFFFFFFFFFFFFFFFFFFFFFFFFFFFFFFF
FFFFFFFF+++++++++++++++FFFFFFFFFFFFFFFFF
FFFF++++++++++++++++++++++FFFFFFFFFFFFFF
+++++++++++++++++++++++++++FFFFFFFFFFFFF
++++++++++++++++++++++++++++++++FFFFFFFF
++++++++++++++++++++++++++++++++++++FFFF
+++++++++++++++++++++++++++++++++++++FFF
++++++++++++++++++++++++++++++++++++++++
++++++++++++++++++++++++++++++++++++++++
FFFF++++++++++++++++++++++++++++++++++++
FFFFF++++++++++++++++++++FFFFFFFF+++++++
FFFFF++++++++++++++++++FFFFFFFFFF+++++++
++++++++++++++++++++++++FFFFFF++++++++++
++++++++++++++++++++++++++++++++++++++++
WWWWW+++++++++++++++++++++++++++++++++++
WWWWWWW++WWW++++++++++++++++++++++++++++
WWWWWWW++WWWWWWWWWWWWW++WWWWWWW+++++++++
WWWWWWW++WWWWWWWWWWWWW++WWWWWWW+++++++++
WWWWWWW++WWWWWWWWWWWWW++WWWWWWWW++++++++
+++++++++++++++++++WWW++WWWWWWWWW+++++++
++++++++++++++++++++++++++WWWWWWW+++++++
++++++++++++++++++++++++++++++++++++++++
++++++++++++++++++++++++++++++++++++++++
++++++++++++++++++++++++++++++++++++++++
++++++++++++++++++++++++++++++++++++++++
FFFFFFFFF+++++++++++++++++++++++++++++++
FFFFFFFFFFF+++++++++++++++++++++++++++++
FFFFFFFFFFF+++++++++++++++++++++++++++++
FFFFFFF+++++++++++++++++++++++++++++++++
++++++++++++++++++FFFFFFFFFFFF++++++++++
+++++++++++++++++FFFFFFFFFFFFFFFF+++++++
+++++++++++++++++FFFFFFFFFFFFFFFFFF+++++
+++++++++++++++++++FFFFFFFFFFFFFFFFF++++
+++++++++++++++++++++++FFFFFFFFFFFFF++++
++++++++++++++++++++++++++++FFFFFF++++++
++++++++++++++++++++++++++++++++++++++++
++++++++++++++++++++++++++++++++++++++++
++++++++++++++++++++++++++++++++++++++++
++++++++++++++++++++++++++++++++++++++++
