45
40
FFFFFFFFFFFFFFFFFFFFFFFFFFFFFFFFFFFFFFFFFFFFF
FFFFFFFFFFFFFFFFFFFFFFFFFFFFFFFFFFFFFFFFFFFFF
FFFFFFFF+++++++++++++++FFFFFFFFFFFFFFFFFFFFFF
FFFF++++++++++++++++++++++FFFFFFFFFFFFFFFFFFF
+++++++++++++++++++++++++++FFFFFFFFFFFFFFFFFF
++++++++++++++++++++++++++++++++FFFFFFFFFFFFF
++++++++++++++++++++++++++++++++++++FFFFFFFFF
+++++++++++++++++++++++++++++++++++++FFFFFFFF
++++++++++++++++++++++++++++++++++++++++FFFFF
+++++++++++++++++++++++++++++++++++++++++++++
FFFF+++++++++++++++++++++++++++++++++++++++++
FFFFF++++++++++++++++++++FFFFFFFF++++++++++++
FFFFF++++++++++++++++++FFFFFFFFFF++++++++++++
++++++++++++++++++++++++FFFFFF+++++++++++++++
+++++++++++++++++++++++++++++++++++++++++++++
WWWWW++++++++++++++++++++++++++++++++++++++++
WWWWWWW++WWW+++++++++++++++++++++++++++++++++
WWWWWWW++WWWWWWWWWWWWW++WWWWWWW++++++++++++++
WWWWWWW++WWWWWWWWWWWWW++WWWWWWW++++++++++++++
WWWWWWW++WWWWWWWWWWWWW++WWWWWWWW+++++++++++++
+++++++++++++++++++WWW++WWWWWWWWW++++++++++++
++++++++++++++++++++++++++WWWWWWW++++++++++++
+++++++++++++++++++++++++++++++++++++++++++++
+++++++++++++++++++++++++++++++++++++++++++++
+++++++++++++++++++++++++++++++++++++++++++++
+++++++++++++++++++++++++++++++++++++++++++++
FFFFFFFFF++++++++++++++++++++++++++++++++++++
FFFFFFFFFFF++++++++++++++++++++++++++++++++++
FFFFFFFFFFF++++++++++++++++++++++++++++++++++
FFFFFFF++++++++++++++++++++++++++++++++++++++
++++++++++++++++++FFFFFFFFFFFF+++++++++++++++
+++++++++++++++++FFFFFFFFFFFFFFFF++++++++++++
+++++++++++++++++FFFFFFFFFFFFFFFFFF++++++++++
+++++++++++++++++++FFFFFFFFFFFFFFFFF+++++++++
+++++++++++++++++++++++FFFFFFFFFFFFF+++++++++
++++++++++++++++++++++++++++FFFFFF+++++++++++
+++++++++++++++++++++++++++++++++++++++++++++
+++++++++++++++++++++++++++++++++++++++++++++
+++++++++++++++++++++++++++++++++++++++++++++
+++++++++++++++++++++++++++++++++++++++++++++
