60
40
+++++++++++++++++++++++++++++++++++++FFFFFFFFFFFFF++++++++++
++++++++++++++++++++++++++++++++++++++++++FFFFFFFFFF++++++++
++++++++++++++++++++++++++++++++++++++++++++++++FFFFFF++++++
++++++++++FFFF+++++++++++++++++++++++++++++++++++++FFFFF++++
+++++++FFFFFFFFFF++++FFFFFFF+++++++++++++++++++++++++FFFF+++
++FFFFFFFFFFFFFFFFFFFFFFFFFFFFFF++++++++++FFFFF+++++++++++++
FFFFFFFF++++++++FFFFFFFFFFFFFFFFFF+++++FFFFFFFF+++++++++++++
FFFF++++++++++++++++++++++FFFFFFFF+++++FFFFFFFFFF++++++FFFFF
++++++++++++++++++++++++++FFFFFFFF+++++FFFFFFF++++++FFFFFFFF
+++++++++++++++++++++++++++FFFFFF+++++++FFFFFF++++FFFFFFFFFF
WWWWWWWW++WWWWW+++++++++++++FFFFF+++++++FFFF++++++++FFFFFFFF
WWWWWWWW++WWWWWWWWWWWW++++++++FFFFFFFFFFFF++++++++++++++++++
WWWWWWW++WWWWWWWWWWWWWWW++++++++FFFFFFF+++++++++++++++++++++
WWWWWWW++WWWWWWWWWWWWWWWWW++++++++++++++++++++++++++++WWWWWW
+++++++++++++WWWWWWWWWWWWWWW++++++++++++++++WWWWWWWWWWWWWWWW
+++++++++++++++++WWWWWWWWWWWWWWWW+++++++WWWWWWWWWWWWWWWWWWWW
++++++++++++++++++++WWWWWWWWWWWWWWWWW++WWWWWWWWWWWWWWWWWWWWW
++++++++++++++++++++++++WWWWWWWWWWWWW++WWWWWWWWWWWWWWWWWWWWW
++++++++++++++++++++++++WWWWWWWWWWWWWW++WWWWWWWWWWWWWWWWWWWW
++++++++++++++++++++++++WWWWWWWWWWWWWW++WWWWWWWWWWWWWWWWWWWW
++++++++++++++++WWWWWWWWWWWWWWWWWWWW+++++WWWWWWWWWWWWWWWWWWW
+++++++WWWWWWWWWWWWWWWWWWWWWW++++++++++++++++++++WWWWWWWWWWW
+++WWWWWWWWWWWWWWWWWWWWWW+++++++++++++++++++++++++++++++++++
++WWWWWWWWWWWWWWW+++++++++++++++++++++++++++++++++++++++++++
++WWWWWWWWWWW+++++++++++++++++++FFFFFFFFFFF+++++++++++++++++
+++WWWWWWW+++++++++++++++++FFFFFFFFFFFFFFFFFFFFFFFFF++++++++
+++++++++++++++++++++++FFFFFFFFFFFFFFFFFFFFFFFFFFFFFFFFFFFFF
++++++++++++++++++++FFFFFFFFFFFFFFFFFFFFFFFFFFFFFFFFFFFFFFFF
+++++++++++++++FFFFFFFFFFFFFFFFFFFFFFFFFFFFFFFFFFFFFFFFFFFFF
++++++++++++FFFFFFFFFFFFFFFFFFFFFFFFFFFFFFFFFFFFFFFFFFFFFFFF
+++++++++++FFFFFFF++++++++++++FFFFFFFFFFFFFFFFFFFFFFFFFFFFFF
++++++++++FFFFFF++++++++++++++++++++++FFFFFFFFFFFFFFFFFFFFFF
++++++++++FFFFFF++++++++++++++++++++++++++++++++FFFFFFFFFFFF
++++++++++FFFFFF++++++++FFFFF+++++++++++++++++++++++++++++++
+++++++++++FFFFFFFFFFFFFFFFFFFFF++++++++++++++++++++++++++++
+++++++++++++FFFFFFFFFFFFFFFFFF+++++++++++++++++++++++++++++
+++++++++++++++FFFFFFFFFFFFFF+++++++++++++++++++++++++++++++
++++++++++++++++++++++++++++++++++++++++++++++++++++++++++++
++++++++++++++++++++++++++++++++++++++++++++++++++++++++++++
++++++++++++++++++++++++++++++++++++++++++++++++++++++++++++
