30
60
FFFFFFFFFFFFFFFFFFFFFFFFFFFFFF
FFFFFFFFFFFFFFFFFFFFFFFFFFFFFF
FFFFFFFF+++++++++++++++FFFFFFF
FFFF++++++++++++++++++++++FFFF
+++++++++++++++++++++++++++FFF
++++++++++++++++++++++++++++++
++++++++++++++++++++++++++++++
++++++++++++++++++++++++++++++
++++++++++++++++++++++++++++++
++++++++++++++++++++++++++++++
FFFF++++++++++++++++++++++++++
FFFFF++++++++++++++++++++FFFFF
FFFFF++++++++++++++++++FFFFFFF
++++++++++++++++++++++++FFFFFF
++++++++++++++++++++++++++++++
WWWWW+++++++++++++++++++++++++
WWWWWWW++WWW++++++++++++++++++
WWWWWWW++WWWWWWWWWWWWW++WWWWWW
WWWWWWW++WWWWWWWWWWWWW++WWWWWW
WWWWWWW++WWWWWWWWWWWWW++WWWWWW
+++++++++++++++++++WWW++WWWWWW
++++++++++++++++++++++++++WWWW
++++++++++++++++++++++++++++++
++++++++++++++++++++++++++++++
++++++++++++++++++++++++++++++
++++++++++++++++++++++++++++++
FFFFFFFFF+++++++++++++++++++++
FFFFFFFFFFF+++++++++++++++++++
FFFFFFFFFFF+++++++++++++++++++
FFFFFFF+++++++++++++++++++++++
++++++++++++++++++FFFFFFFFFFFF
+++++++++++++++++FFFFFFFFFFFFF
+++++++++++++++++FFFFFFFFFFFFF
+++++++++++++++++++FFFFFFFFFFF
++++++++++++++++++++++++++++++
++++++++++++++++++++++++++++++
++++++++++++++++++++++++++++++
++++++++++++++++++++++++++++++
++++++++++++++++++++++++++++++
+++++++++++FFFFFF+++++++++++++
++++++++++FFFFFFFFFF++++++++++
++++++++FFFFFFFFFFFFFFFF++++++
++++++++FFFFF++++++FFFFF++++++
++++++++FFFFF+++++++FFFFF+++++
+++++++FFFFFF++++++++FFFF+++++
+++++++FFFFFFF+++++++FFFF+++++
++++++++FFFFFF++++++FFFFF+++++
++++++++FFFFF+++++++FFFF++++++
+++++++++FFFF+++++++FFFF++++++
+++++++++FFFF+++++++FFFFF+++++
+++++++++FFFF++++++++FFFF+++++
+++++++FFFFFF++++++++FFFF+++++
+++++++FFFFFF++++++++FFFF+++++
+++++++FFFFFF++++++FFFFF++++++
++++++++FFF++++++++FFFFF++++++
++++++++++++++++++++FFFF++++++
++++++++++++++++++++++++++++++
++++++++++++++++++++++++++++++
++++++++++++++++++++++++++++++
++++++++++++++++++++++++++++++
