30
40
++++++++++++++++++++++++++++++
++++++++RRRRRRRRRRRRRR++++++++
++++++RRR++++++++++++RRR++++++
+++++RR++++++++++++++++RR+++++
++++RR++++++++++++++++++R+++++
++++R+++++FFFFFFFF++++++R+++++
++++R++++FFFFFFFFFF+++++R+++++
++++R+++++FFFFFFFFFF++++R+++++
++++R+++++++++FFFFFFF+++RR++++
++++++++++++++FFFFFFFF+++R++++
++++++++++++++FFFFFF+++++R++++
+++++++++++++FFFFFFF+++++R++++
++++++++++++FFFFFFFF++++RR++++
++++++++++FFFFFFFF++++++R+++++
++++++++FFFFFFFFFF++++++R+++++
+++++FFFFFFFFFFF++++RRRRR+++++
FFFFFFFFFFFFF+++++++R+++++++++
FFFFFFFFFF+++++++RRRR+++++++++
FFFFFFFF++++++RRRR+++++++++WWW
FFFFFFF++++RRRR+++++++++WWWWWW
+++++++++++R++++++++WWWWWWWWWW
+++++++++++R+++++WWWWWWWWW++++
+++++++++++R++++WWWWWWW+++++++
+++++++++++RRR+++WWWW+++++++++
++++++++WW+++R++++++++++++++++
+++++++WWWW++RRR++++++++++++++
+++++WWWWWW++++R+++++++++++FFF
+++WWWWWWW+++++R+++++++++FFFFF
WWWWWWW++++++++RR+++++++FFFFFF
WWWWWW++++++++++R+++++++FFFFFF
WWW+++++++++++++RR++++++FFFFFF
+++++++++++++++++R+++++++FFFFF
+++++++++++++++++RRR+++++++FFF
FFFFFFF++++++++++++R++++++++++
FFFFFFFFFFF++++++++RR+++++++++
FFFFFFFFFFFFF+++++++RRRRRR++++
FFFFFFFFFFFFFFF++++++++++RRRRR
FFFFFFFFFFFFFFF+++++++++++++++
FFFFFFFFFFFFF+++++++++++++++++
FFFFFFFF++++++++++++++++++++++
